
   FAIL  Tests\Feature\PaymentFlowTest
  Γ¿» user wiΓÇª 3.27s  
  Γ¿» user caΓÇª 0.05s  
  Γ¿» admin cΓÇª 0.49s  
  ΓöÇΓöÇΓöÇΓöÇΓöÇΓöÇΓöÇΓöÇΓöÇΓöÇΓöÇΓöÇΓöÇΓöÇΓöÇΓöÇ  
   FAILED  Tests\Feature\PaymentFlowTest > user without subscription cannot access audit  RouteNotFoundException   
  Route [pricing.index] not defined.

  at vendor\laravel\framework\src\Illuminate\Routing\UrlGenerator.php:477
    473Γûò             ! is_null($url = call_user_func($this->missingNamedRouteResolver, $name, $parameters, $absolute))) {
    474Γûò             return $url;
    475Γûò         }
    476Γûò 
  Γ₧£ 477Γûò         throw new RouteNotFoundException("Route [{$name}] not defined.");
    478Γûò     }
    479Γûò 
    480Γûò     /**
    481Γûò      * Get the URL for a given route instance.

  1   vendor\laravel\framework\src\Illuminate\Routing\UrlGenerator.php:477
  2   vendor\laravel\framework\src\Illuminate\Foundation\helpers.php:811

  ΓöÇΓöÇΓöÇΓöÇΓöÇΓöÇΓöÇΓöÇΓöÇΓöÇΓöÇΓöÇΓöÇΓöÇΓöÇΓöÇ  
   FAILED  Tests\Feature\PaymentFlowTest > user can view checkout page and create transaction  RouteNotFoundException   
  Route [pricing.index] not defined.

  at vendor\laravel\framework\src\Illuminate\Routing\UrlGenerator.php:477
    473Γûò             ! is_null($url = call_user_func($this->missingNamedRouteResolver, $name, $parameters, $absolute))) {
    474Γûò             return $url;
    475Γûò         }
    476Γûò 
  Γ₧£ 477Γûò         throw new RouteNotFoundException("Route [{$name}] not defined.");
    478Γûò     }
    479Γûò 
    480Γûò     /**
    481Γûò      * Get the URL for a given route instance.

  1   vendor\laravel\framework\src\Illuminate\Routing\UrlGenerator.php:477
  2   vendor\laravel\framework\src\Illuminate\Foundation\helpers.php:811

  ΓöÇΓöÇΓöÇΓöÇΓöÇΓöÇΓöÇΓöÇΓöÇΓöÇΓöÇΓöÇΓöÇΓöÇΓöÇΓöÇ  
   FAILED  Tests\Feature\PaymentFlowTest > admin can approve payment and give access  RouteNotFoundException   
  Route [pricing.index] not defined.

  at vendor\laravel\framework\src\Illuminate\Routing\UrlGenerator.php:477
    473Γûò             ! is_null($url = call_user_func($this->missingNamedRouteResolver, $name, $parameters, $absolute))) {
    474Γûò             return $url;
    475Γûò         }
    476Γûò 
  Γ₧£ 477Γûò         throw new RouteNotFoundException("Route [{$name}] not defined.");
    478Γûò     }
    479Γûò 
    480Γûò     /**
    481Γûò      * Get the URL for a given route instance.

  1   vendor\laravel\framework\src\Illuminate\Routing\UrlGenerator.php:477
  2   vendor\laravel\framework\src\Illuminate\Foundation\helpers.php:811


  Tests:    3 failed (0 assertions)
  Duration: 4.40s

